// Jest Snapshot v1, https://goo.gl/fbAQLP

exports[`should render the CurrentOrderTable correctly 1`] = `
<div>
  <h4>
    Current Order
  </h4>
  <div
    className="order-item"
    key="3"
  >
    <div
      className="order-item-name"
    >
      Egusi Semo
    </div>
    <div
      className="order-item-amount"
    >
      â‚¦ 
      1200
    </div>
    <div
      className="order-item-actions"
    >
      <button
        onClick={[Function]}
      >
        <i
          className="far fa-edit"
        />
      </button>
      <button
        className="cancel-order-icon"
        onClick={[Function]}
      >
        <i
          className="far fa-times-circle 5x"
        />
      </button>
       
    </div>
  </div>
  <hr />
</div>
`;
