// Jest Snapshot v1, https://goo.gl/fbAQLP

exports[`Menu: PlaceOrder Component should render PlaceOrder correctly 1`] = `
<div>
  <h2>
    Place Order
  </h2>
  <table
    id="place-order-table"
  >
    <thead>
      <tr>
        <td>
          Meal
        </td>
        <td>
          Quantity
        </td>
        <td>
          Total
        </td>
      </tr>
    </thead>
    <tbody>
      <tr>
        <td>
          Rice and Beans
        </td>
        <td>
          <QuantityField
            handleChange={[Function]}
            quantity={1}
          />
        </td>
        <td>
          â‚¦ 
          1500
          .00
        </td>
      </tr>
    </tbody>
  </table>
  <div
    className="order-btn-container"
  >
    <button
      id="confirm-place-order"
      onClick={[Function]}
    >
      Confirm Order
    </button>
    <button
      onClick={[MockFunction]}
    >
      Cancel
    </button>
  </div>
</div>
`;
