// Jest Snapshot v1, https://goo.gl/fbAQLP

exports[`it should render footer correctly 1`] = `
<footer
  className="footer"
>
  <ToastContainer
    autoClose={5000}
    bodyClassName={null}
    className={null}
    closeButton={
      <CloseButton
        ariaLabel="close"
      />
    }
    closeOnClick={true}
    draggable={true}
    draggablePercent={80}
    hideProgressBar={false}
    newestOnTop={false}
    pauseOnHover={true}
    pauseOnVisibilityChange={true}
    position="top-right"
    progressClassName={null}
    rtl={false}
    style={null}
    toastClassName={null}
    transition={[Function]}
  />
  <p>
    Book-A-Meal Â© 2018
  </p>
  <p>
    Designed with 
    <i
      className="fas fa-heart"
    />
     by 
    <a
      href="https://github.com/ikenjoku/Book-A-Meal"
      target="blank"
    >
      Ikechukwu Njoku
    </a>
  </p>
</footer>
`;
