// Jest Snapshot v1, https://goo.gl/fbAQLP

exports[`should render the MealList correctly 1`] = `undefined`;
